 ======================================================================
           ML-FSM: Machine Learning Freezing String Method
                            Version 1.0.1
 ======================================================================

 Developed and maintained by:
   The Gomes Research Group
   University of Iowa, Department of Chemical and Biochemical Engineering

 Contributors: Jonah Marks, Jonathon Vandezande, Joe Gomes

 Date/Time: 2026-04-18 21:35:55

 ======================================================================
                           INPUT PARAMETERS
 ======================================================================

   Optimization coordinates   : cart
   Interpolation method       : ric
   Optimizer                  : L-BFGS-B
   Max optimizer iterations   : 2
   Max line search iterations : 3
   Max displacement (dmax)    : 0.0500 Å
   Target node count          : 18
   Interpolation points       : 50
   Step size                  : derived from target node count

 ======================================================================
                           MOLECULAR SYSTEM
 ======================================================================

   Formula       : C6H10
   Atoms         : 16
   Charge        : 0
   Multiplicity  : 1
   Fixed atoms   : None

 ======================================================================
                              CALCULATOR
 ======================================================================

   Calculator    : EMT
   Asap cutoff         : False

 ======================================================================
                          INITIAL STRUCTURES
 ======================================================================

   Reactant (Angstroms)
   ----------------------------------------------------------------------

   Sym              X             Y             Z
   C        -0.616734     -1.522943      0.405340
   C        -1.503453      1.396619      0.551290
   C        -1.760885      0.527729     -0.427234
   C        -1.552531     -0.929363     -0.337191
   C         2.841159     -0.318284      0.009372
   C         2.186082      0.798418     -0.286425
   H        -2.166553      0.897657     -1.368945
   H        -2.214962     -1.545682     -0.944647
   H        -0.530938     -2.605415      0.443404
   H        -1.656476      2.464239      0.420436
   H         0.096111     -0.947440      0.992433
   H        -1.141043      1.065431      1.522136
   H         2.371499     -1.295017     -0.084528
   H         1.154099      0.784012     -0.630692
   H         3.871394     -0.306654      0.357751
   H         2.655052      1.775804     -0.198255

   Product (Angstroms)
   ----------------------------------------------------------------------

   Sym              X             Y             Z
   C         0.258603     -1.481578     -0.054156
   C        -0.287461      1.459471      0.101650
   C        -1.373356      0.414720      0.051356
   C        -1.129062     -0.892570     -0.035095
   C         1.314656     -0.461931      0.380076
   C         1.073582      0.885399     -0.299654
   H        -2.403642      0.767193      0.086505
   H        -1.963658     -1.590669     -0.090338
   H         0.483343     -1.852163     -1.065527
   H        -0.553674      2.299545     -0.553031
   H         0.292484     -2.363533      0.598716
   H        -0.232271      1.880556      1.116994
   H         2.319139     -0.839525      0.155500
   H         1.101811      0.748434     -1.389418
   H         1.260251     -0.328891      1.469300
   H         1.871074      1.594655     -0.048633

 ======================================================================
                         PATH INITIALIZATION
 ======================================================================

   Total path distance   : 5.6933 Å
   Step size             : 0.3163 Å
   Target node count     : 18

   Internal coordinate set  : 113 coordinates
     Stretches             : 37
     Bends                 : 32
     Torsions              : 38
     Out-of-plane bends    : 6

 ======================================================================
                             ITERATION 1
 ======================================================================

   Frontier distance : 5.6933 Å

   Current Reactant Frontier Node:

   Sym              X             Y             Z
   C        -0.616734     -1.522943      0.405340
   C        -1.503453      1.396619      0.551290
   C        -1.760885      0.527729     -0.427234
   C        -1.552531     -0.929363     -0.337191
   C         2.841159     -0.318284      0.009372
   C         2.186082      0.798418     -0.286425
   H        -2.166553      0.897657     -1.368945
   H        -2.214962     -1.545682     -0.944647
   H        -0.530938     -2.605415      0.443404
   H        -1.656476      2.464239      0.420436
   H         0.096111     -0.947440      0.992433
   H        -1.141043      1.065431      1.522136
   H         2.371499     -1.295017     -0.084528
   H         1.154099      0.784012     -0.630692
   H         3.871394     -0.306654      0.357751
   H         2.655052      1.775804     -0.198255

   Interpolating...

   Reactant-side interpolated structure (actual step: 0.3307 Å from frontier node):

   Sym              X             Y             Z
   C        -0.567001     -1.539050      0.359134
   C        -1.421582      1.416975      0.532369
   C        -1.753698      0.514338     -0.399038
   C        -1.537111     -0.927469     -0.325441
   C         2.771394     -0.309234      0.049383
   C         2.134213      0.804864     -0.284843
   H        -2.244304      0.881924     -1.296180
   H        -2.223332     -1.545432     -0.887116
   H        -0.478013     -2.621674      0.311703
   H        -1.574418      2.475322      0.351297
   H         0.096431     -1.012421      1.019498
   H        -1.076754      1.133196      1.516556
   H         2.367338     -1.285010     -0.092980
   H         1.140573      0.780095     -0.693266
   H         3.785806     -0.289401      0.465412
   H         2.612276      1.762091     -0.202243

   Current Product Frontier Node:

   Sym              X             Y             Z
   C         0.258603     -1.481578     -0.054156
   C        -0.287461      1.459471      0.101650
   C        -1.373356      0.414720      0.051356
   C        -1.129062     -0.892570     -0.035095
   C         1.314656     -0.461931      0.380076
   C         1.073582      0.885399     -0.299654
   H        -2.403642      0.767193      0.086505
   H        -1.963658     -1.590669     -0.090338
   H         0.483343     -1.852163     -1.065527
   H        -0.553674      2.299545     -0.553031
   H         0.292484     -2.363533      0.598716
   H        -0.232271      1.880556      1.116994
   H         2.319139     -0.839525      0.155500
   H         1.101811      0.748434     -1.389418
   H         1.260251     -0.328891      1.469300
   H         1.871074      1.594655     -0.048633

   Interpolating...

   Product-side interpolated structure (actual step: 0.3399 Å from frontier node):

   Sym              X             Y             Z
   C         0.183903     -1.506059     -0.001305
   C        -0.322873      1.479505      0.098083
   C        -1.396214      0.439411      0.053600
   C        -1.176722     -0.878135      0.005895
   C         1.408061     -0.431622      0.370448
   C         1.144060      0.853176     -0.343823
   H        -2.418800      0.805166      0.040826
   H        -2.031510     -1.550059     -0.040379
   H         0.364536     -1.976604     -0.977773
   H        -0.588599      2.314291     -0.563357
   H         0.250689     -2.275556      0.736517
   H        -0.208198      1.888002      1.100536
   H         2.327642     -0.907729      0.067303
   H         1.070312      0.675381     -1.416576
   H         1.482988     -0.264459      1.458824
   H         1.942543      1.574405     -0.164576

   Optimizing...

   r[0] (endpoint):  energy = +6.189448 eV

   Sym              X             Y             Z
   C        -0.616734     -1.522943      0.405340
   C        -1.503453      1.396619      0.551290
   C        -1.760885      0.527729     -0.427234
   C        -1.552531     -0.929363     -0.337191
   C         2.841159     -0.318284      0.009372
   C         2.186082      0.798418     -0.286425
   H        -2.166553      0.897657     -1.368945
   H        -2.214962     -1.545682     -0.944647
   H        -0.530938     -2.605415      0.443404
   H        -1.656476      2.464239      0.420436
   H         0.096111     -0.947440      0.992433
   H        -1.141043      1.065431      1.522136
   H         2.371499     -1.295017     -0.084528
   H         1.154099      0.784012     -0.630692
   H         3.871394     -0.306654      0.357751
   H         2.655052      1.775804     -0.198255

   r[1] (optimized):  energy = +3.906874 eV   nfev = 3  (nit = 2, nls = 1)

   Sym              X             Y             Z
   C        -0.617001     -1.489050      0.309134
   C        -1.471582      1.366975      0.482369
   C        -1.703698      0.481176     -0.349038
   C        -1.487111     -0.884086     -0.275441
   C         2.721394     -0.259234     -0.000617
   C         2.184213      0.754864     -0.234843
   H        -2.288675      0.926871     -1.336332
   H        -2.265158     -1.588112     -0.929472
   H        -0.429537     -2.671340      0.261703
   H        -1.624418      2.525322      0.301297
   H         0.146431     -0.962421      1.069498
   H        -1.028096      1.085037      1.564518
   H         2.317338     -1.335010     -0.142980
   H         1.090573      0.744602     -0.743266
   H         3.825416     -0.239401      0.510662
   H         2.662276      1.812091     -0.152243

   p[0] (endpoint):  energy = +5.754913 eV

   Sym              X             Y             Z
   C         0.258603     -1.481578     -0.054156
   C        -0.287461      1.459471      0.101650
   C        -1.373356      0.414720      0.051356
   C        -1.129062     -0.892570     -0.035095
   C         1.314656     -0.461931      0.380076
   C         1.073582      0.885399     -0.299654
   H        -2.403642      0.767193      0.086505
   H        -1.963658     -1.590669     -0.090338
   H         0.483343     -1.852163     -1.065527
   H        -0.553674      2.299545     -0.553031
   H         0.292484     -2.363533      0.598716
   H        -0.232271      1.880556      1.116994
   H         2.319139     -0.839525      0.155500
   H         1.101811      0.748434     -1.389418
   H         1.260251     -0.328891      1.469300
   H         1.871074      1.594655     -0.048633

   p[1] (optimized):  energy = +4.026681 eV   nfev = 3  (nit = 2, nls = 1)

   Sym              X             Y             Z
   C         0.133903     -1.456059     -0.008842
   C        -0.298823      1.429505      0.052025
   C        -1.346214      0.389411      0.006035
   C        -1.126722     -0.828135      0.049545
   C         1.358061     -0.381622      0.320448
   C         1.094060      0.803176     -0.293823
   H        -2.468800      0.853343     -0.009174
   H        -2.076682     -1.594000     -0.090379
   H         0.410777     -2.026604     -1.026326
   H        -0.638599      2.364291     -0.610942
   H         0.298942     -2.324656      0.786517
   H        -0.162246      1.931472      1.144721
   H         2.375244     -0.956934      0.017303
   H         1.020312      0.625381     -1.466576
   H         1.532988     -0.214459      1.505297
   H         1.987039      1.617572     -0.117488

   ----------------------------------------------------------------------
   Iteration 1 energy summary   (frontier distance = 4.9100 Å)
   ----------------------------------------------------------------------
   Node      Side         Energy (eV)    Rel. Energy (eV)
   ----------------------------------------------------------------------
   1         rR             +6.189448             +2.2826
   2         r              +3.906874             +0.0000
   3         p              +4.026681             +0.1198
   4         pP             +5.754913             +1.8480
   ----------------------------------------------------------------------


 ======================================================================
                             ITERATION 2
 ======================================================================

   Frontier distance : 4.9100 Å

   Current Reactant Frontier Node:

   Sym              X             Y             Z
   C        -0.617001     -1.489050      0.309134
   C        -1.471582      1.366975      0.482369
   C        -1.703698      0.481176     -0.349038
   C        -1.487111     -0.884086     -0.275441
   C         2.721394     -0.259234     -0.000617
   C         2.184213      0.754864     -0.234843
   H        -2.288675      0.926871     -1.336332
   H        -2.265158     -1.588112     -0.929472
   H        -0.429537     -2.671340      0.261703
   H        -1.624418      2.525322      0.301297
   H         0.146431     -0.962421      1.069498
   H        -1.028096      1.085037      1.564518
   H         2.317338     -1.335010     -0.142980
   H         1.090573      0.744602     -0.743266
   H         3.825416     -0.239401      0.510662
   H         2.662276      1.812091     -0.152243

   Interpolating...

   Reactant-side interpolated structure (actual step: 0.3014 Å from frontier node):

   Sym              X             Y             Z
   C        -0.571257     -1.501389      0.276517
   C        -1.401675      1.393263      0.469368
   C        -1.693080      0.473347     -0.330023
   C        -1.467847     -0.878667     -0.261909
   C         2.654041     -0.257637      0.033261
   C         2.124552      0.761951     -0.230252
   H        -2.352225      0.903862     -1.277446
   H        -2.251570     -1.584215     -0.880445
   H        -0.384485     -2.680160      0.144968
   H        -1.559822      2.538603      0.239129
   H         0.152550     -1.038202      1.096638
   H        -0.970607      1.160831      1.567858
   H         2.322035     -1.342313     -0.160518
   H         1.077154      0.742055     -0.792671
   H         3.736697     -0.231940      0.600918
   H         2.617906      1.808894     -0.160442

   Current Product Frontier Node:

   Sym              X             Y             Z
   C         0.133903     -1.456059     -0.008842
   C        -0.298823      1.429505      0.052025
   C        -1.346214      0.389411      0.006035
   C        -1.126722     -0.828135      0.049545
   C         1.358061     -0.381622      0.320448
   C         1.094060      0.803176     -0.293823
   H        -2.468800      0.853343     -0.009174
   H        -2.076682     -1.594000     -0.090379
   H         0.410777     -2.026604     -1.026326
   H        -0.638599      2.364291     -0.610942
   H         0.298942     -2.324656      0.786517
   H        -0.162246      1.931472      1.144721
   H         2.375244     -0.956934      0.017303
   H         1.020312      0.625381     -1.466576
   H         1.532988     -0.214459      1.505297
   H         1.987039      1.617572     -0.117488

   Interpolating...

   Product-side interpolated structure (actual step: 0.3114 Å from frontier node):

   Sym              X             Y             Z
   C         0.090110     -1.470276     -0.007236
   C        -0.370298      1.450314      0.097022
   C        -1.377539      0.393685      0.003763
   C        -1.151275     -0.830199      0.036721
   C         1.444146     -0.351982      0.317611
   C         1.150681      0.807974     -0.280109
   H        -2.506355      0.837001     -0.063596
   H        -2.090995     -1.590241     -0.128691
   H         0.346787     -2.095832     -1.000366
   H        -0.708726      2.395250     -0.548266
   H         0.287055     -2.256187      0.832591
   H        -0.194073      1.901954      1.196975
   H         2.384215     -1.004381     -0.049874
   H         1.004531      0.634801     -1.437335
   H         1.708452     -0.196833      1.492976
   H         2.015649      1.643237     -0.127235

   Optimizing...

   r[2] (optimized):  energy = +3.313386 eV   nfev = 3  (nit = 2, nls = 1)

   Sym              X             Y             Z
   C        -0.609061     -1.451389      0.247336
   C        -1.451675      1.344826      0.419368
   C        -1.643080      0.523347     -0.280023
   C        -1.417847     -0.898136     -0.211909
   C         2.604041     -0.207637     -0.016739
   C         2.158298      0.711951     -0.197175
   H        -2.320775      0.868698     -1.248470
   H        -2.230588     -1.579526     -0.850130
   H        -0.374665     -2.630160      0.106420
   H        -1.547470      2.554391      0.203972
   H         0.170727     -1.009355      1.111886
   H        -0.965539      1.199051      1.528701
   H         2.284363     -1.375192     -0.198025
   H         1.063668      0.729459     -0.815524
   H         3.686697     -0.216151      0.550918
   H         2.653278      1.838660     -0.128863

   p[2] (optimized):  energy = +3.590021 eV   nfev = 3  (nit = 2, nls = 1)

   Sym              X             Y             Z
   C         0.040110     -1.420276     -0.015963
   C        -0.420298      1.400314      0.047022
   C        -1.327539      0.362855      0.045710
   C        -1.101275     -0.780199     -0.008886
   C         1.394146     -0.301982      0.267611
   C         1.100681      0.757974     -0.230109
   H        -2.479206      0.787001     -0.113596
   H        -2.054809     -1.546531     -0.178691
   H         0.302208     -2.145832     -0.960091
   H        -0.758726      2.412994     -0.498266
   H         0.322171     -2.271677      0.853468
   H        -0.244073      1.856667      1.154794
   H         2.334215     -1.036982     -0.089413
   H         0.960682      0.590904     -1.469059
   H         1.758452     -0.190896      1.442976
   H         1.974067      1.600474     -0.150188

   ----------------------------------------------------------------------
   Iteration 2 energy summary   (frontier distance = 4.2334 Å)
   ----------------------------------------------------------------------
   Node      Side         Energy (eV)    Rel. Energy (eV)
   ----------------------------------------------------------------------
   1         rR             +6.189448             +2.8761
   2         r              +3.906874             +0.5935
   3         r              +3.313386             +0.0000
   4         p              +3.590021             +0.2766
   5         p              +4.026681             +0.7133
   6         pP             +5.754913             +2.4415
   ----------------------------------------------------------------------


 ======================================================================
                             ITERATION 3
 ======================================================================

   Frontier distance : 4.2334 Å

   Current Reactant Frontier Node:

   Sym              X             Y             Z
   C        -0.609061     -1.451389      0.247336
   C        -1.451675      1.344826      0.419368
   C        -1.643080      0.523347     -0.280023
   C        -1.417847     -0.898136     -0.211909
   C         2.604041     -0.207637     -0.016739
   C         2.158298      0.711951     -0.197175
   H        -2.320775      0.868698     -1.248470
   H        -2.230588     -1.579526     -0.850130
   H        -0.374665     -2.630160      0.106420
   H        -1.547470      2.554391      0.203972
   H         0.170727     -1.009355      1.111886
   H        -0.965539      1.199051      1.528701
   H         2.284363     -1.375192     -0.198025
   H         1.063668      0.729459     -0.815524
   H         3.686697     -0.216151      0.550918
   H         2.653278      1.838660     -0.128863

   Interpolating...

   Reactant-side interpolated structure (actual step: 0.3409 Å from frontier node):

   Sym              X             Y             Z
   C        -0.556310     -1.459721      0.213222
   C        -1.367590      1.373717      0.406729
   C        -1.625023      0.508966     -0.260467
   C        -1.389261     -0.888273     -0.204274
   C         2.522961     -0.206437      0.021676
   C         2.081933      0.721180     -0.189634
   H        -2.377949      0.841905     -1.176952
   H        -2.212030     -1.573214     -0.796910
   H        -0.328046     -2.629099     -0.013151
   H        -1.479579      2.569759      0.141721
   H         0.177493     -1.104822      1.136514
   H        -0.896107      1.279372      1.526152
   H         2.289577     -1.377599     -0.214500
   H         1.048874      0.724466     -0.874555
   H         3.579934     -0.209156      0.651079
   H         2.591496      1.831793     -0.144905

   Current Product Frontier Node:

   Sym              X             Y             Z
   C         0.040110     -1.420276     -0.015963
   C        -0.420298      1.400314      0.047022
   C        -1.327539      0.362855      0.045710
   C        -1.101275     -0.780199     -0.008886
   C         1.394146     -0.301982      0.267611
   C         1.100681      0.757974     -0.230109
   H        -2.479206      0.787001     -0.113596
   H        -2.054809     -1.546531     -0.178691
   H         0.302208     -2.145832     -0.960091
   H        -0.758726      2.412994     -0.498266
   H         0.322171     -2.271677      0.853468
   H        -0.244073      1.856667      1.154794
   H         2.334215     -1.036982     -0.089413
   H         0.960682      0.590904     -1.469059
   H         1.758452     -0.190896      1.442976
   H         1.974067      1.600474     -0.150188

   Interpolating...

   Product-side interpolated structure (actual step: 0.2748 Å from frontier node):

   Sym              X             Y             Z
   C         0.016602     -1.414392     -0.000718
   C        -0.463153      1.437675      0.081002
   C        -1.338177      0.394371      0.032236
   C        -1.103894     -0.765204     -0.013167
   C         1.491383     -0.266205      0.270377
   C         1.179978      0.774676     -0.216619
   H        -2.488965      0.800064     -0.171799
   H        -2.050974     -1.523786     -0.196668
   H         0.262065     -2.186152     -0.913394
   H        -0.796753      2.461049     -0.457998
   H         0.321976     -2.185670      0.909763
   H        -0.249129      1.858192      1.191359
   H         2.353719     -1.068803     -0.126018
   H         0.975423      0.609038     -1.437471
   H         1.923979     -0.160817      1.426130
   H         2.026292      1.638801     -0.155272

   Optimizing...

   r[3] (optimized):  energy = +3.215464 eV   nfev = 4  (nit = 2, nls = 2)

   Sym              X             Y             Z
   C        -0.582477     -1.434915      0.189883
   C        -1.391956      1.345880      0.374883
   C        -1.597964      0.536995     -0.227776
   C        -1.380906     -0.895795     -0.192785
   C         2.506135     -0.187034      0.003187
   C         2.095421      0.700855     -0.171296
   H        -2.374843      0.839755     -1.156124
   H        -2.212924     -1.579374     -0.803625
   H        -0.335960     -2.607391     -0.020196
   H        -1.458604      2.539621      0.163805
   H         0.155397     -1.125259      1.113300
   H        -0.917756      1.287239      1.502606
   H         2.298196     -1.359964     -0.199115
   H         1.073673      0.708372     -0.850299
   H         3.555574     -0.197716      0.628010
   H         2.572881      1.814859     -0.149605

   p[3] (optimized):  energy = +3.129160 eV   nfev = 3  (nit = 2, nls = 1)

   Sym              X             Y             Z
   C        -0.033398     -1.364392      0.021682
   C        -0.513153      1.387675      0.045088
   C        -1.288177      0.444371      0.009731
   C        -1.053894     -0.815204      0.008342
   C         1.441383     -0.216205      0.220377
   C         1.163624      0.724676     -0.166619
   H        -2.453216      0.758151     -0.196683
   H        -2.050997     -1.522568     -0.228233
   H         0.212065     -2.136152     -0.863394
   H        -0.802862      2.446396     -0.424787
   H         0.285212     -2.156516      0.883513
   H        -0.276279      1.816133      1.156672
   H         2.304608     -1.022108     -0.081184
   H         1.006475      0.623925     -1.395201
   H         1.881451     -0.174273      1.376130
   H         2.029426      1.616573     -0.153626

   ----------------------------------------------------------------------
   Iteration 3 energy summary   (frontier distance = 3.6019 Å)
   ----------------------------------------------------------------------
   Node      Side         Energy (eV)    Rel. Energy (eV)
   ----------------------------------------------------------------------
   1         rR             +6.189448             +3.0603
   2         r              +3.906874             +0.7777
   3         r              +3.313386             +0.1842
   4         r              +3.215464             +0.0863
   5         p              +3.129160             +0.0000
   6         p              +3.590021             +0.4609
   7         p              +4.026681             +0.8975
   8         pP             +5.754913             +2.6258
   ----------------------------------------------------------------------


 ======================================================================
                             ITERATION 4
 ======================================================================

   Frontier distance : 3.6019 Å

   Current Reactant Frontier Node:

   Sym              X             Y             Z
   C        -0.582477     -1.434915      0.189883
   C        -1.391956      1.345880      0.374883
   C        -1.597964      0.536995     -0.227776
   C        -1.380906     -0.895795     -0.192785
   C         2.506135     -0.187034      0.003187
   C         2.095421      0.700855     -0.171296
   H        -2.374843      0.839755     -1.156124
   H        -2.212924     -1.579374     -0.803625
   H        -0.335960     -2.607391     -0.020196
   H        -1.458604      2.539621      0.163805
   H         0.155397     -1.125259      1.113300
   H        -0.917756      1.287239      1.502606
   H         2.298196     -1.359964     -0.199115
   H         1.073673      0.708372     -0.850299
   H         3.555574     -0.197716      0.628010
   H         2.572881      1.814859     -0.149605

   Interpolating...

   Reactant-side interpolated structure (actual step: 0.2887 Å from frontier node):

   Sym              X             Y             Z
   C        -0.536766     -1.439221      0.165773
   C        -1.318846      1.364354      0.360554
   C        -1.577473      0.526324     -0.211698
   C        -1.357861     -0.891384     -0.183886
   C         2.434350     -0.182164      0.034633
   C         2.029448      0.705773     -0.162506
   H        -2.414373      0.817162     -1.087626
   H        -2.214599     -1.571582     -0.764779
   H        -0.293745     -2.597156     -0.115282
   H        -1.403209      2.548084      0.111276
   H         0.163907     -1.209045      1.126848
   H        -0.853842      1.348917      1.492222
   H         2.303287     -1.353906     -0.209261
   H         1.062855      0.702160     -0.901242
   H         3.457566     -0.190079      0.711740
   H         2.523188      1.807885     -0.161911

   Current Product Frontier Node:

   Sym              X             Y             Z
   C        -0.033398     -1.364392      0.021682
   C        -0.513153      1.387675      0.045088
   C        -1.288177      0.444371      0.009731
   C        -1.053894     -0.815204      0.008342
   C         1.441383     -0.216205      0.220377
   C         1.163624      0.724676     -0.166619
   H        -2.453216      0.758151     -0.196683
   H        -2.050997     -1.522568     -0.228233
   H         0.212065     -2.136152     -0.863394
   H        -0.802862      2.446396     -0.424787
   H         0.285212     -2.156516      0.883513
   H        -0.276279      1.816133      1.156672
   H         2.304608     -1.022108     -0.081184
   H         1.006475      0.623925     -1.395201
   H         1.881451     -0.174273      1.376130
   H         2.029426      1.616573     -0.153626

   Interpolating...

   Product-side interpolated structure (actual step: 0.3150 Å from frontier node):

   Sym              X             Y             Z
   C        -0.066475     -1.381653      0.021824
   C        -0.572813      1.400447      0.084703
   C        -1.311035      0.449899     -0.008454
   C        -1.074030     -0.822731     -0.010913
   C         1.549212     -0.203983      0.212112
   C         1.250507      0.723695     -0.158383
   H        -2.471131      0.750658     -0.266782
   H        -2.068915     -1.522297     -0.275066
   H         0.167122     -2.196762     -0.830690
   H        -0.854899      2.470931     -0.371305
   H         0.283088     -2.088548      0.922874
   H        -0.297464      1.783703      1.201139
   H         2.321882     -1.076545     -0.132781
   H         1.010947      0.629119     -1.364361
   H         2.062990     -0.171320      1.340127
   H         2.074900      1.641513     -0.159189

   Optimizing...

   r[4] (optimized):  energy = +3.207798 eV   nfev = 4  (nit = 2, nls = 2)

   Sym              X             Y             Z
   C        -0.540498     -1.433435      0.161628
   C        -1.318817      1.358886      0.360021
   C        -1.571805      0.529084     -0.206561
   C        -1.353010     -0.887775     -0.179794
   C         2.435740     -0.185056      0.037396
   C         2.034360      0.708133     -0.155695
   H        -2.407567      0.815212     -1.080713
   H        -2.208320     -1.567281     -0.759649
   H        -0.296910     -2.590638     -0.114092
   H        -1.402714      2.541328      0.112203
   H         0.167678     -1.206395      1.129505
   H        -0.859721      1.347477      1.485315
   H         2.300386     -1.360268     -0.211563
   H         1.055784      0.700768     -0.907261
   H         3.456371     -0.188113      0.711153
   H         2.529515      1.814688     -0.162215

   p[4] (optimized):  energy = +3.054202 eV   nfev = 4  (nit = 2, nls = 2)

   Sym              X             Y             Z
   C        -0.091651     -1.360877      0.011540
   C        -0.602943      1.363292      0.073330
   C        -1.280459      0.485199      0.007079
   C        -1.040748     -0.837608     -0.017766
   C         1.534872     -0.199792      0.214001
   C         1.256044      0.709708     -0.147267
   H        -2.471468      0.749770     -0.280923
   H        -2.055226     -1.507926     -0.268815
   H         0.168836     -2.209503     -0.841857
   H        -0.869677      2.480723     -0.370119
   H         0.294713     -2.095506      0.929501
   H        -0.301739      1.776939      1.205427
   H         2.310876     -1.076438     -0.131599
   H         0.996752      0.622136     -1.372057
   H         2.056636     -0.165717      1.325692
   H         2.062444      1.628791     -0.158512

   ----------------------------------------------------------------------
   Iteration 4 energy summary   (frontier distance = 3.0304 Å)
   ----------------------------------------------------------------------
   Node      Side         Energy (eV)    Rel. Energy (eV)
   ----------------------------------------------------------------------
   1         rR             +6.189448             +3.1352
   2         r              +3.906874             +0.8527
   3         r              +3.313386             +0.2592
   4         r              +3.215464             +0.1613
   5         r              +3.207798             +0.1536
   6         p              +3.054202             +0.0000
   7         p              +3.129160             +0.0750
   8         p              +3.590021             +0.5358
   9         p              +4.026681             +0.9725
   10        pP             +5.754913             +2.7007
   ----------------------------------------------------------------------


 ======================================================================
                             ITERATION 5
 ======================================================================

   Frontier distance : 3.0304 Å

   Current Reactant Frontier Node:

   Sym              X             Y             Z
   C        -0.540498     -1.433435      0.161628
   C        -1.318817      1.358886      0.360021
   C        -1.571805      0.529084     -0.206561
   C        -1.353010     -0.887775     -0.179794
   C         2.435740     -0.185056      0.037396
   C         2.034360      0.708133     -0.155695
   H        -2.407567      0.815212     -1.080713
   H        -2.208320     -1.567281     -0.759649
   H        -0.296910     -2.590638     -0.114092
   H        -1.402714      2.541328      0.112203
   H         0.167678     -1.206395      1.129505
   H        -0.859721      1.347477      1.485315
   H         2.300386     -1.360268     -0.211563
   H         1.055784      0.700768     -0.907261
   H         3.456371     -0.188113      0.711153
   H         2.529515      1.814688     -0.162215

   Interpolating...

   Reactant-side interpolated structure (actual step: 0.3066 Å from frontier node):

   Sym              X             Y             Z
   C        -0.495541     -1.436208      0.134776
   C        -1.242851      1.373514      0.338517
   C        -1.544543      0.522281     -0.184458
   C        -1.324980     -0.884804     -0.166684
   C         2.358080     -0.180039      0.070256
   C         1.962093      0.711024     -0.146822
   H        -2.437861      0.794963     -1.005972
   H        -2.209382     -1.557167     -0.711173
   H        -0.253748     -2.577663     -0.210385
   H        -1.346704      2.547964      0.055856
   H         0.178688     -1.301087      1.133996
   H        -0.796396      1.410744      1.470342
   H         2.303199     -1.349270     -0.224150
   H         1.045551      0.691284     -0.960339
   H         3.346390     -0.175774      0.797342
   H         2.478477      1.806853     -0.171425

   Current Product Frontier Node:

   Sym              X             Y             Z
   C        -0.091651     -1.360877      0.011540
   C        -0.602943      1.363292      0.073330
   C        -1.280459      0.485199      0.007079
   C        -1.040748     -0.837608     -0.017766
   C         1.534872     -0.199792      0.214001
   C         1.256044      0.709708     -0.147267
   H        -2.471468      0.749770     -0.280923
   H        -2.055226     -1.507926     -0.268815
   H         0.168836     -2.209503     -0.841857
   H        -0.869677      2.480723     -0.370119
   H         0.294713     -2.095506      0.929501
   H        -0.301739      1.776939      1.205427
   H         2.310876     -1.076438     -0.131599
   H         0.996752      0.622136     -1.372057
   H         2.056636     -0.165717      1.325692
   H         2.062444      1.628791     -0.158512

   Interpolating...

   Product-side interpolated structure (actual step: 0.3258 Å from frontier node):

   Sym              X             Y             Z
   C        -0.134760     -1.376309      0.018529
   C        -0.669392      1.381480      0.106951
   C        -1.309986      0.492098     -0.013648
   C        -1.072252     -0.840966     -0.028950
   C         1.641144     -0.188531      0.213688
   C         1.343529      0.713093     -0.139460
   H        -2.486402      0.744952     -0.361030
   H        -2.083253     -1.507303     -0.301067
   H         0.113688     -2.273421     -0.785627
   H        -0.922270      2.500867     -0.329750
   H         0.286380     -2.014563      0.975984
   H        -0.346944      1.756363      1.243492
   H         2.317323     -1.124596     -0.172016
   H         1.000365      0.627793     -1.331932
   H         2.232062     -0.153473      1.292874
   H         2.111241      1.659129     -0.168359

   Optimizing...

   r[5] (optimized):  energy = +3.200827 eV   nfev = 4  (nit = 2, nls = 2)

   Sym              X             Y             Z
   C        -0.498511     -1.434654      0.131695
   C        -1.244357      1.369798      0.335054
   C        -1.540010      0.519870     -0.180735
   C        -1.324412     -0.878935     -0.165265
   C         2.358018     -0.181429      0.071501
   C         1.964918      0.712830     -0.142184
   H        -2.433773      0.794870     -1.002086
   H        -2.205584     -1.556278     -0.709967
   H        -0.256190     -2.573853     -0.208662
   H        -1.346983      2.543167      0.056914
   H         0.181686     -1.299142      1.136021
   H        -0.798639      1.409306      1.465300
   H         2.301909     -1.352943     -0.224704
   H         1.041363      0.689412     -0.963771
   H         3.344901     -0.174310      0.795280
   H         2.481290      1.809738     -0.171693

   p[5] (optimized):  energy = +3.054565 eV   nfev = 4  (nit = 2, nls = 2)

   Sym              X             Y             Z
   C        -0.144651     -1.355847      0.007472
   C        -0.691518      1.359006      0.112155
   C        -1.291277      0.517628     -0.010028
   C        -1.054541     -0.849169     -0.031282
   C         1.619548     -0.198413      0.212271
   C         1.333439      0.716308     -0.125296
   H        -2.463848      0.728653     -0.345546
   H        -2.072928     -1.495092     -0.300024
   H         0.098355     -2.261625     -0.771202
   H        -0.910173      2.476652     -0.310266
   H         0.271666     -1.996379      0.958702
   H        -0.361751      1.741709      1.231234
   H         2.310954     -1.126685     -0.172021
   H         0.993938      0.621682     -1.326748
   H         2.241574     -0.148610      1.275239
   H         2.115844      1.652789     -0.168719

   ----------------------------------------------------------------------
   Iteration 5 energy summary   (frontier distance = 2.4137 Å)
   ----------------------------------------------------------------------
   Node      Side         Energy (eV)    Rel. Energy (eV)
   ----------------------------------------------------------------------
   1         rR             +6.189448             +3.1352
   2         r              +3.906874             +0.8527
   3         r              +3.313386             +0.2592
   4         r              +3.215464             +0.1613
   5         r              +3.207798             +0.1536
   6         r              +3.200827             +0.1466
   7         p              +3.054565             +0.0004
   8         p              +3.054202             +0.0000
   9         p              +3.129160             +0.0750
   10        p              +3.590021             +0.5358
   11        p              +4.026681             +0.9725
   12        pP             +5.754913             +2.7007
   ----------------------------------------------------------------------


 ======================================================================
                             ITERATION 6
 ======================================================================

   Frontier distance : 2.4137 Å

   Current Reactant Frontier Node:

   Sym              X             Y             Z
   C        -0.498511     -1.434654      0.131695
   C        -1.244357      1.369798      0.335054
   C        -1.540010      0.519870     -0.180735
   C        -1.324412     -0.878935     -0.165265
   C         2.358018     -0.181429      0.071501
   C         1.964918      0.712830     -0.142184
   H        -2.433773      0.794870     -1.002086
   H        -2.205584     -1.556278     -0.709967
   H        -0.256190     -2.573853     -0.208662
   H        -1.346983      2.543167      0.056914
   H         0.181686     -1.299142      1.136021
   H        -0.798639      1.409306      1.465300
   H         2.301909     -1.352943     -0.224704
   H         1.041363      0.689412     -0.963771
   H         3.344901     -0.174310      0.795280
   H         2.481290      1.809738     -0.171693

   Interpolating...

   Reactant-side interpolated structure (actual step: 0.3263 Å from frontier node):

   Sym              X             Y             Z
   C        -0.449493     -1.427475      0.108750
   C        -1.159877      1.371971      0.310529
   C        -1.509161      0.520115     -0.164527
   C        -1.291488     -0.874227     -0.154024
   C         2.260907     -0.173784      0.103054
   C         1.880012      0.715948     -0.140324
   H        -2.454735      0.784642     -0.927765
   H        -2.198289     -1.544075     -0.663236
   H        -0.205468     -2.544915     -0.295273
   H        -1.266116      2.542697      0.020444
   H         0.185295     -1.389952      1.140843
   H        -0.734632      1.435707      1.447201
   H         2.305035     -1.334881     -0.219013
   H         1.031762      0.672445     -1.025058
   H         3.209909     -0.152344      0.880169
   H         2.421964      1.795575     -0.199073

   Current Product Frontier Node:

   Sym              X             Y             Z
   C        -0.144651     -1.355847      0.007472
   C        -0.691518      1.359006      0.112155
   C        -1.291277      0.517628     -0.010028
   C        -1.054541     -0.849169     -0.031282
   C         1.619548     -0.198413      0.212271
   C         1.333439      0.716308     -0.125296
   H        -2.463848      0.728653     -0.345546
   H        -2.072928     -1.495092     -0.300024
   H         0.098355     -2.261625     -0.771202
   H        -0.910173      2.476652     -0.310266
   H         0.271666     -1.996379      0.958702
   H        -0.361751      1.741709      1.231234
   H         2.310954     -1.126685     -0.172021
   H         0.993938      0.621682     -1.326748
   H         2.241574     -0.148610      1.275239
   H         2.115844      1.652789     -0.168719

   Interpolating...

   Product-side interpolated structure (actual step: 0.3201 Å from frontier node):

   Sym              X             Y             Z
   C        -0.187223     -1.369574      0.020394
   C        -0.752526      1.367350      0.139003
   C        -1.324714      0.520284     -0.041276
   C        -1.090849     -0.850581     -0.053809
   C         1.719325     -0.186139      0.209190
   C         1.416039      0.716917     -0.126281
   H        -2.474923      0.735103     -0.447411
   H        -2.097691     -1.497452     -0.361847
   H         0.056540     -2.313773     -0.705959
   H        -0.944823      2.494576     -0.266635
   H         0.251033     -1.909295      1.009517
   H        -0.413731      1.694092      1.268636
   H         2.314962     -1.171000     -0.180952
   H         1.001086      0.619806     -1.290738
   H         2.396051     -0.131478      1.238793
   H         2.157068      1.678611     -0.187929

   Optimizing...

   r[6] (optimized):  energy = +3.191331 eV   nfev = 4  (nit = 2, nls = 2)

   Sym              X             Y             Z
   C        -0.451503     -1.423718      0.105150
   C        -1.158480      1.372559      0.308961
   C        -1.506642      0.514333     -0.165322
   C        -1.292490     -0.868135     -0.152955
   C         2.260110     -0.176092      0.105484
   C         1.882422      0.717885     -0.135006
   H        -2.452791      0.785118     -0.926456
   H        -2.195388     -1.543810     -0.662884
   H        -0.207021     -2.544851     -0.294526
   H        -1.267241      2.542194      0.020595
   H         0.188800     -1.388245      1.143326
   H        -0.734886      1.434694      1.447027
   H         2.304342     -1.339661     -0.220573
   H         1.026849      0.670381     -1.029175
   H         3.210118     -0.150979      0.878492
   H         2.426858      1.800288     -0.199665

   p[6] (optimized):  energy = +3.086079 eV   nfev = 4  (nit = 2, nls = 2)

   Sym              X             Y             Z
   C        -0.183892     -1.361567      0.014380
   C        -0.745683      1.368724      0.136877
   C        -1.326706      0.514287     -0.041737
   C        -1.094884     -0.844267     -0.054559
   C         1.714519     -0.189026      0.210610
   C         1.411164      0.715417     -0.119590
   H        -2.476167      0.735658     -0.452139
   H        -2.096466     -1.496687     -0.364722
   H         0.054537     -2.318586     -0.704810
   H        -0.948108      2.496496     -0.263719
   H         0.256270     -1.913463      1.014830
   H        -0.415674      1.690922      1.269645
   H         2.312715     -1.171136     -0.179954
   H         0.995849      0.616949     -1.294347
   H         2.397175     -0.129396      1.232362
   H         2.160054      1.679456     -0.189017

   ----------------------------------------------------------------------
   Iteration 6 energy summary   (frontier distance = 1.7850 Å)
   ----------------------------------------------------------------------
   Node      Side         Energy (eV)    Rel. Energy (eV)
   ----------------------------------------------------------------------
   1         rR             +6.189448             +3.1352
   2         r              +3.906874             +0.8527
   3         r              +3.313386             +0.2592
   4         r              +3.215464             +0.1613
   5         r              +3.207798             +0.1536
   6         r              +3.200827             +0.1466
   7         r              +3.191331             +0.1371
   8         p              +3.086079             +0.0319
   9         p              +3.054565             +0.0004
   10        p              +3.054202             +0.0000
   11        p              +3.129160             +0.0750
   12        p              +3.590021             +0.5358
   13        p              +4.026681             +0.9725
   14        pP             +5.754913             +2.7007
   ----------------------------------------------------------------------


 ======================================================================
                             ITERATION 7
 ======================================================================

   Frontier distance : 1.7850 Å

   Current Reactant Frontier Node:

   Sym              X             Y             Z
   C        -0.451503     -1.423718      0.105150
   C        -1.158480      1.372559      0.308961
   C        -1.506642      0.514333     -0.165322
   C        -1.292490     -0.868135     -0.152955
   C         2.260110     -0.176092      0.105484
   C         1.882422      0.717885     -0.135006
   H        -2.452791      0.785118     -0.926456
   H        -2.195388     -1.543810     -0.662884
   H        -0.207021     -2.544851     -0.294526
   H        -1.267241      2.542194      0.020595
   H         0.188800     -1.388245      1.143326
   H        -0.734886      1.434694      1.447027
   H         2.304342     -1.339661     -0.220573
   H         1.026849      0.670381     -1.029175
   H         3.210118     -0.150979      0.878492
   H         2.426858      1.800288     -0.199665

   Interpolating...

   Reactant-side interpolated structure (actual step: 0.3147 Å from frontier node):

   Sym              X             Y             Z
   C        -0.403352     -1.414939      0.084813
   C        -1.079210      1.375143      0.283091
   C        -1.476012      0.514510     -0.147230
   C        -1.256700     -0.863369     -0.138973
   C         2.164300     -0.171637      0.130738
   C         1.798799      0.719196     -0.132328
   H        -2.468049      0.773458     -0.850776
   H        -2.181669     -1.533310     -0.614677
   H        -0.160371     -2.513443     -0.374876
   H        -1.197367      2.540321     -0.021078
   H         0.194196     -1.479796      1.139598
   H        -0.674974      1.469227      1.425739
   H         2.305866     -1.318942     -0.216555
   H         1.019018      0.657098     -1.083879
   H         3.075198     -0.134963      0.952735
   H         2.373382      1.783408     -0.213870

   Current Product Frontier Node:

   Sym              X             Y             Z
   C        -0.183892     -1.361567      0.014380
   C        -0.745683      1.368724      0.136877
   C        -1.326706      0.514287     -0.041737
   C        -1.094884     -0.844267     -0.054559
   C         1.714519     -0.189026      0.210610
   C         1.411164      0.715417     -0.119590
   H        -2.476167      0.735658     -0.452139
   H        -2.096466     -1.496687     -0.364722
   H         0.054537     -2.318586     -0.704810
   H        -0.948108      2.496496     -0.263719
   H         0.256270     -1.913463      1.014830
   H        -0.415674      1.690922      1.269645
   H         2.312715     -1.171136     -0.179954
   H         0.995849      0.616949     -1.294347
   H         2.397175     -0.129396      1.232362
   H         2.160054      1.679456     -0.189017

   Interpolating...

   Product-side interpolated structure (actual step: 0.3065 Å from frontier node):

   Sym              X             Y             Z
   C        -0.226998     -1.374485      0.026645
   C        -0.809157      1.373997      0.169770
   C        -1.357857      0.515006     -0.064766
   C        -1.126304     -0.847151     -0.072907
   C         1.808990     -0.179711      0.199944
   C         1.490658      0.717370     -0.121814
   H        -2.483016      0.740361     -0.537416
   H        -2.115529     -1.502025     -0.418181
   H         0.011044     -2.364240     -0.642793
   H        -0.989544      2.510930     -0.210784
   H         0.239857     -1.827000      1.053701
   H        -0.465461      1.641847      1.309417
   H         2.313074     -1.209254     -0.193379
   H         0.999160      0.622050     -1.256602
   H         2.544264     -0.120385      1.185285
   H         2.199873      1.704654     -0.203646

   Optimizing...

   r[7] (optimized):  energy = +3.179292 eV   nfev = 4  (nit = 2, nls = 2)

   Sym              X             Y             Z
   C        -0.401251     -1.410536      0.080975
   C        -1.077597      1.373170      0.279852
   C        -1.472852      0.507896     -0.146786
   C        -1.259568     -0.857036     -0.137870
   C         2.160952     -0.174252      0.132193
   C         1.798710      0.723107     -0.126212
   H        -2.465177      0.773911     -0.849704
   H        -2.179604     -1.533805     -0.615422
   H        -0.162930     -2.511953     -0.372632
   H        -1.199121      2.539158     -0.020233
   H         0.198252     -1.477879      1.142335
   H        -0.675991      1.467716      1.424867
   H         2.305572     -1.324482     -0.217894
   H         1.014140      0.654305     -1.087510
   H         3.075957     -0.133342      0.949731
   H         2.378022      1.787436     -0.214530

   p[7] (optimized):  energy = +3.109763 eV   nfev = 4  (nit = 2, nls = 2)

   Sym              X             Y             Z
   C        -0.221310     -1.364565      0.021298
   C        -0.800082      1.367554      0.162460
   C        -1.355433      0.509446     -0.064013
   C        -1.126877     -0.842339     -0.072077
   C         1.799569     -0.183807      0.200554
   C         1.484389      0.721707     -0.113224
   H        -2.478209      0.740169     -0.540345
   H        -2.113328     -1.501381     -0.421493
   H         0.006203     -2.364080     -0.636063
   H        -0.993201      2.507828     -0.205768
   H         0.244939     -1.825433      1.058530
   H        -0.468201      1.637926      1.309495
   H         2.312367     -1.213539     -0.193425
   H         0.992097      0.618054     -1.261129
   H         2.546839     -0.117753      1.176298
   H         2.203293      1.702448     -0.204637

   ----------------------------------------------------------------------
   Iteration 7 energy summary   (frontier distance = 1.1720 Å)
   ----------------------------------------------------------------------
   Node      Side         Energy (eV)    Rel. Energy (eV)
   ----------------------------------------------------------------------
   1         rR             +6.189448             +3.1352
   2         r              +3.906874             +0.8527
   3         r              +3.313386             +0.2592
   4         r              +3.215464             +0.1613
   5         r              +3.207798             +0.1536
   6         r              +3.200827             +0.1466
   7         r              +3.191331             +0.1371
   8         r              +3.179292             +0.1251
   9         p              +3.109763             +0.0556
   10        p              +3.086079             +0.0319
   11        p              +3.054565             +0.0004
   12        p              +3.054202             +0.0000
   13        p              +3.129160             +0.0750
   14        p              +3.590021             +0.5358
   15        p              +4.026681             +0.9725
   16        pP             +5.754913             +2.7007
   ----------------------------------------------------------------------


 ======================================================================
                             ITERATION 8
 ======================================================================

   Frontier distance : 1.1720 Å

   Current Reactant Frontier Node:

   Sym              X             Y             Z
   C        -0.401251     -1.410536      0.080975
   C        -1.077597      1.373170      0.279852
   C        -1.472852      0.507896     -0.146786
   C        -1.259568     -0.857036     -0.137870
   C         2.160952     -0.174252      0.132193
   C         1.798710      0.723107     -0.126212
   H        -2.465177      0.773911     -0.849704
   H        -2.179604     -1.533805     -0.615422
   H        -0.162930     -2.511953     -0.372632
   H        -1.199121      2.539158     -0.020233
   H         0.198252     -1.477879      1.142335
   H        -0.675991      1.467716      1.424867
   H         2.305572     -1.324482     -0.217894
   H         1.014140      0.654305     -1.087510
   H         3.075957     -0.133342      0.949731
   H         2.378022      1.787436     -0.214530

   Interpolating...

   Reactant-side interpolated structure (actual step: 0.3254 Å from frontier node):

   Sym              X             Y             Z
   C        -0.349992     -1.399006      0.061647
   C        -0.997451      1.374709      0.249500
   C        -1.441243      0.508859     -0.125797
   C        -1.221554     -0.852174     -0.121254
   C         2.061078     -0.173408      0.155360
   C         1.710495      0.723958     -0.122149
   H        -2.476207      0.762030     -0.767514
   H        -2.162766     -1.523163     -0.563741
   H        -0.115476     -2.475213     -0.451293
   H        -1.135572      2.534747     -0.068150
   H         0.207865     -1.575133      1.130014
   H        -0.616411      1.510520      1.398637
   H         2.307913     -1.299772     -0.213778
   H         1.006089      0.642952     -1.140177
   H         2.933981     -0.122532      1.019767
   H         2.326764      1.766041     -0.219912

   Current Product Frontier Node:

   Sym              X             Y             Z
   C        -0.221310     -1.364565      0.021298
   C        -0.800082      1.367554      0.162460
   C        -1.355433      0.509446     -0.064013
   C        -1.126877     -0.842339     -0.072077
   C         1.799569     -0.183807      0.200554
   C         1.484389      0.721707     -0.113224
   H        -2.478209      0.740169     -0.540345
   H        -2.113328     -1.501381     -0.421493
   H         0.006203     -2.364080     -0.636063
   H        -0.993201      2.507828     -0.205768
   H         0.244939     -1.825433      1.058530
   H        -0.468201      1.637926      1.309495
   H         2.312367     -1.213539     -0.193425
   H         0.992097      0.618054     -1.261129
   H         2.546839     -0.117753      1.176298
   H         2.203293      1.702448     -0.204637

   Interpolating...

   Product-side interpolated structure (actual step: 0.3213 Å from frontier node):

   Sym              X             Y             Z
   C        -0.268845     -1.378137      0.035051
   C        -0.872835      1.372697      0.196622
   C        -1.388450      0.509872     -0.088132
   C        -1.161759     -0.845230     -0.091320
   C         1.899041     -0.177270      0.186327
   C         1.569218      0.723612     -0.116052
   H        -2.482030      0.746903     -0.627556
   H        -2.132699     -1.508300     -0.476365
   H        -0.039425     -2.408064     -0.569718
   H        -1.043347      2.520986     -0.152282
   H         0.229141     -1.732104      1.091674
   H        -0.523013      1.588295      1.346850
   H         2.311329     -1.249730     -0.203725
   H         0.996268      0.626936     -1.217944
   H         2.696334     -0.115198      1.122047
   H         2.248586      1.728147     -0.214318

   Optimizing...

   r[8] (optimized):  energy = +3.147664 eV   nfev = 5  (nit = 2, nls = 3)

   Sym              X             Y             Z
   C        -0.319379     -1.350900      0.032165
   C        -0.970022      1.357642      0.224916
   C        -1.421545      0.474187     -0.121981
   C        -1.226359     -0.833902     -0.107553
   C         2.021101     -0.188355      0.140749
   C         1.693489      0.733789     -0.075486
   H        -2.449186      0.765063     -0.765404
   H        -2.140821     -1.522245     -0.571834
   H        -0.138995     -2.469190     -0.426889
   H        -1.153642      2.520585     -0.054230
   H         0.216015     -1.550365      1.118110
   H        -0.631688      1.493538      1.383823
   H         2.297551     -1.305321     -0.207019
   H         0.989139      0.618087     -1.115106
   H         2.927247     -0.108482      0.969767
   H         2.344609      1.752898     -0.222676

   p[8] (optimized):  energy = +3.111714 eV   nfev = 5  (nit = 2, nls = 3)

   Sym              X             Y             Z
   C        -0.235285     -1.330448      0.016814
   C        -0.834921      1.351963      0.172647
   C        -1.375421      0.489885     -0.082995
   C        -1.157992     -0.841966     -0.082291
   C         1.861276     -0.190477      0.170924
   C         1.545407      0.727193     -0.067329
   H        -2.459234      0.747466     -0.636191
   H        -2.114587     -1.503358     -0.487674
   H        -0.060991     -2.409611     -0.543274
   H        -1.061025      2.504232     -0.131752
   H         0.232406     -1.704737      1.080262
   H        -0.540032      1.568811      1.332425
   H         2.296923     -1.243092     -0.193339
   H         0.987635      0.607086     -1.181249
   H         2.693784     -0.103101      1.073185
   H         2.256563      1.702577     -0.216694

   ----------------------------------------------------------------------
   Iteration 8 energy summary   (frontier distance = 0.5255 Å)
   ----------------------------------------------------------------------
   Node      Side         Energy (eV)    Rel. Energy (eV)
   ----------------------------------------------------------------------
   1         rR             +6.189448             +3.1352
   2         r              +3.906874             +0.8527
   3         r              +3.313386             +0.2592
   4         r              +3.215464             +0.1613
   5         r              +3.207798             +0.1536
   6         r              +3.200827             +0.1466
   7         r              +3.191331             +0.1371
   8         r              +3.179292             +0.1251
   9         r              +3.147664             +0.0935
   10        p              +3.111714             +0.0575
   11        p              +3.109763             +0.0556
   12        p              +3.086079             +0.0319
   13        p              +3.054565             +0.0004
   14        p              +3.054202             +0.0000
   15        p              +3.129160             +0.0750
   16        p              +3.590021             +0.5358
   17        p              +4.026681             +0.9725
   18        pP             +5.754913             +2.7007
   ----------------------------------------------------------------------


 ======================================================================
                             ITERATION 9
 ======================================================================

   Frontier distance : 0.5255 Å

   Current Reactant Frontier Node:

   Sym              X             Y             Z
   C        -0.319379     -1.350900      0.032165
   C        -0.970022      1.357642      0.224916
   C        -1.421545      0.474187     -0.121981
   C        -1.226359     -0.833902     -0.107553
   C         2.021101     -0.188355      0.140749
   C         1.693489      0.733789     -0.075486
   H        -2.449186      0.765063     -0.765404
   H        -2.140821     -1.522245     -0.571834
   H        -0.138995     -2.469190     -0.426889
   H        -1.153642      2.520585     -0.054230
   H         0.216015     -1.550365      1.118110
   H        -0.631688      1.493538      1.383823
   H         2.297551     -1.305321     -0.207019
   H         0.989139      0.618087     -1.115106
   H         2.927247     -0.108482      0.969767
   H         2.344609      1.752898     -0.222676

   Interpolating...

   Reactant-side interpolated structure (actual step: 0.3203 Å from frontier node):

   Sym              X             Y             Z
   C        -0.267605     -1.338218      0.021770
   C        -0.886755      1.355865      0.193284
   C        -1.393610      0.484423     -0.098963
   C        -1.184236     -0.838133     -0.092165
   C         1.924360     -0.188828      0.158313
   C         1.603211      0.730184     -0.072274
   H        -2.457291      0.753981     -0.687090
   H        -2.125494     -1.509816     -0.519873
   H        -0.091842     -2.433794     -0.499316
   H        -1.096276      2.512532     -0.101412
   H         0.226181     -1.644903      1.097453
   H        -0.573871      1.539873      1.353266
   H         2.297259     -1.269030     -0.201982
   H         0.986757      0.612621     -1.158740
   H         2.786621     -0.103265      1.032034
   H         2.290105      1.723539     -0.222953

   Optimizing...

   r[9] (optimized):  energy = +3.120767 eV   nfev = 4  (nit = 2, nls = 2)

   Sym              X             Y             Z
   C        -0.261822     -1.339357      0.016331
   C        -0.882447      1.354584      0.188747
   C        -1.393847      0.487127     -0.098842
   C        -1.181928     -0.843133     -0.088823
   C         1.918913     -0.185654      0.158405
   C         1.596834      0.737158     -0.066017
   H        -2.455110      0.754627     -0.688452
   H        -2.127624     -1.512572     -0.523490
   H        -0.097140     -2.430465     -0.494359
   H        -1.098826      2.510028     -0.098808
   H         0.226586     -1.641382      1.095748
   H        -0.573551      1.539279      1.357194
   H         2.302312     -1.275272     -0.207012
   H         0.984791      0.609385     -1.154948
   H         2.791131     -0.101071      1.033131
   H         2.292155      1.721218     -0.223413

   ----------------------------------------------------------------------
   Iteration 9 energy summary   (frontier distance = 0.2083 Å)
   ----------------------------------------------------------------------
   Node      Side         Energy (eV)    Rel. Energy (eV)
   ----------------------------------------------------------------------
   1         rR             +6.189448             +3.1352
   2         r              +3.906874             +0.8527
   3         r              +3.313386             +0.2592
   4         r              +3.215464             +0.1613
   5         r              +3.207798             +0.1536
   6         r              +3.200827             +0.1466
   7         r              +3.191331             +0.1371
   8         r              +3.179292             +0.1251
   9         r              +3.147664             +0.0935
   10        r              +3.120767             +0.0666
   11        p              +3.111714             +0.0575
   12        p              +3.109763             +0.0556
   13        p              +3.086079             +0.0319
   14        p              +3.054565             +0.0004
   15        p              +3.054202             +0.0000
   16        p              +3.129160             +0.0750
   17        p              +3.590021             +0.5358
   18        p              +4.026681             +0.9725
   19        pP             +5.754913             +2.7007
   ----------------------------------------------------------------------


 ======================================================================
                         CALCULATION COMPLETE
 ======================================================================

   Total iterations       : 9
   Total gradient calls   : 65

   TS Guess: node r[0]  (highest-energy node)
     Absolute energy  : +6.189448 eV
     Relative energy  : +3.1352 eV  (above string minimum)

 ======================================================================
                        FULL OPTIMIZED STRING
 ======================================================================

   The complete optimized string is shown below.
   Each node is listed with its energy and atomic coordinates (Angstroms).

   Node 1 — Reactant  *** TS Guess ***
   Energy (abs)      : +6.189448 eV
   Energy (rel)      : +3.1352 eV

   Sym              X             Y             Z
   C        -0.616734     -1.522943      0.405340
   C        -1.503453      1.396619      0.551290
   C        -1.760885      0.527729     -0.427234
   C        -1.552531     -0.929363     -0.337191
   C         2.841159     -0.318284      0.009372
   C         2.186082      0.798418     -0.286425
   H        -2.166553      0.897657     -1.368945
   H        -2.214962     -1.545682     -0.944647
   H        -0.530938     -2.605415      0.443404
   H        -1.656476      2.464239      0.420436
   H         0.096111     -0.947440      0.992433
   H        -1.141043      1.065431      1.522136
   H         2.371499     -1.295017     -0.084528
   H         1.154099      0.784012     -0.630692
   H         3.871394     -0.306654      0.357751
   H         2.655052      1.775804     -0.198255

   Node 2
   Energy (abs)      : +3.906874 eV
   Energy (rel)      : +0.8527 eV

   Sym              X             Y             Z
   C        -0.617001     -1.489050      0.309134
   C        -1.471582      1.366975      0.482369
   C        -1.703698      0.481176     -0.349038
   C        -1.487111     -0.884086     -0.275441
   C         2.721394     -0.259234     -0.000617
   C         2.184213      0.754864     -0.234843
   H        -2.288675      0.926871     -1.336332
   H        -2.265158     -1.588112     -0.929472
   H        -0.429537     -2.671340      0.261703
   H        -1.624418      2.525322      0.301297
   H         0.146431     -0.962421      1.069498
   H        -1.028096      1.085037      1.564518
   H         2.317338     -1.335010     -0.142980
   H         1.090573      0.744602     -0.743266
   H         3.825416     -0.239401      0.510662
   H         2.662276      1.812091     -0.152243

   Node 3
   Energy (abs)      : +3.313386 eV
   Energy (rel)      : +0.2592 eV

   Sym              X             Y             Z
   C        -0.609061     -1.451389      0.247336
   C        -1.451675      1.344826      0.419368
   C        -1.643080      0.523347     -0.280023
   C        -1.417847     -0.898136     -0.211909
   C         2.604041     -0.207637     -0.016739
   C         2.158298      0.711951     -0.197175
   H        -2.320775      0.868698     -1.248470
   H        -2.230588     -1.579526     -0.850130
   H        -0.374665     -2.630160      0.106420
   H        -1.547470      2.554391      0.203972
   H         0.170727     -1.009355      1.111886
   H        -0.965539      1.199051      1.528701
   H         2.284363     -1.375192     -0.198025
   H         1.063668      0.729459     -0.815524
   H         3.686697     -0.216151      0.550918
   H         2.653278      1.838660     -0.128863

   Node 4
   Energy (abs)      : +3.215464 eV
   Energy (rel)      : +0.1613 eV

   Sym              X             Y             Z
   C        -0.582477     -1.434915      0.189883
   C        -1.391956      1.345880      0.374883
   C        -1.597964      0.536995     -0.227776
   C        -1.380906     -0.895795     -0.192785
   C         2.506135     -0.187034      0.003187
   C         2.095421      0.700855     -0.171296
   H        -2.374843      0.839755     -1.156124
   H        -2.212924     -1.579374     -0.803625
   H        -0.335960     -2.607391     -0.020196
   H        -1.458604      2.539621      0.163805
   H         0.155397     -1.125259      1.113300
   H        -0.917756      1.287239      1.502606
   H         2.298196     -1.359964     -0.199115
   H         1.073673      0.708372     -0.850299
   H         3.555574     -0.197716      0.628010
   H         2.572881      1.814859     -0.149605

   Node 5
   Energy (abs)      : +3.207798 eV
   Energy (rel)      : +0.1536 eV

   Sym              X             Y             Z
   C        -0.540498     -1.433435      0.161628
   C        -1.318817      1.358886      0.360021
   C        -1.571805      0.529084     -0.206561
   C        -1.353010     -0.887775     -0.179794
   C         2.435740     -0.185056      0.037396
   C         2.034360      0.708133     -0.155695
   H        -2.407567      0.815212     -1.080713
   H        -2.208320     -1.567281     -0.759649
   H        -0.296910     -2.590638     -0.114092
   H        -1.402714      2.541328      0.112203
   H         0.167678     -1.206395      1.129505
   H        -0.859721      1.347477      1.485315
   H         2.300386     -1.360268     -0.211563
   H         1.055784      0.700768     -0.907261
   H         3.456371     -0.188113      0.711153
   H         2.529515      1.814688     -0.162215

   Node 6
   Energy (abs)      : +3.200827 eV
   Energy (rel)      : +0.1466 eV

   Sym              X             Y             Z
   C        -0.498511     -1.434654      0.131695
   C        -1.244357      1.369798      0.335054
   C        -1.540010      0.519870     -0.180735
   C        -1.324412     -0.878935     -0.165265
   C         2.358018     -0.181429      0.071501
   C         1.964918      0.712830     -0.142184
   H        -2.433773      0.794870     -1.002086
   H        -2.205584     -1.556278     -0.709967
   H        -0.256190     -2.573853     -0.208662
   H        -1.346983      2.543167      0.056914
   H         0.181686     -1.299142      1.136021
   H        -0.798639      1.409306      1.465300
   H         2.301909     -1.352943     -0.224704
   H         1.041363      0.689412     -0.963771
   H         3.344901     -0.174310      0.795280
   H         2.481290      1.809738     -0.171693

   Node 7
   Energy (abs)      : +3.191331 eV
   Energy (rel)      : +0.1371 eV

   Sym              X             Y             Z
   C        -0.451503     -1.423718      0.105150
   C        -1.158480      1.372559      0.308961
   C        -1.506642      0.514333     -0.165322
   C        -1.292490     -0.868135     -0.152955
   C         2.260110     -0.176092      0.105484
   C         1.882422      0.717885     -0.135006
   H        -2.452791      0.785118     -0.926456
   H        -2.195388     -1.543810     -0.662884
   H        -0.207021     -2.544851     -0.294526
   H        -1.267241      2.542194      0.020595
   H         0.188800     -1.388245      1.143326
   H        -0.734886      1.434694      1.447027
   H         2.304342     -1.339661     -0.220573
   H         1.026849      0.670381     -1.029175
   H         3.210118     -0.150979      0.878492
   H         2.426858      1.800288     -0.199665

   Node 8
   Energy (abs)      : +3.179292 eV
   Energy (rel)      : +0.1251 eV

   Sym              X             Y             Z
   C        -0.401251     -1.410536      0.080975
   C        -1.077597      1.373170      0.279852
   C        -1.472852      0.507896     -0.146786
   C        -1.259568     -0.857036     -0.137870
   C         2.160952     -0.174252      0.132193
   C         1.798710      0.723107     -0.126212
   H        -2.465177      0.773911     -0.849704
   H        -2.179604     -1.533805     -0.615422
   H        -0.162930     -2.511953     -0.372632
   H        -1.199121      2.539158     -0.020233
   H         0.198252     -1.477879      1.142335
   H        -0.675991      1.467716      1.424867
   H         2.305572     -1.324482     -0.217894
   H         1.014140      0.654305     -1.087510
   H         3.075957     -0.133342      0.949731
   H         2.378022      1.787436     -0.214530

   Node 9
   Energy (abs)      : +3.147664 eV
   Energy (rel)      : +0.0935 eV

   Sym              X             Y             Z
   C        -0.319379     -1.350900      0.032165
   C        -0.970022      1.357642      0.224916
   C        -1.421545      0.474187     -0.121981
   C        -1.226359     -0.833902     -0.107553
   C         2.021101     -0.188355      0.140749
   C         1.693489      0.733789     -0.075486
   H        -2.449186      0.765063     -0.765404
   H        -2.140821     -1.522245     -0.571834
   H        -0.138995     -2.469190     -0.426889
   H        -1.153642      2.520585     -0.054230
   H         0.216015     -1.550365      1.118110
   H        -0.631688      1.493538      1.383823
   H         2.297551     -1.305321     -0.207019
   H         0.989139      0.618087     -1.115106
   H         2.927247     -0.108482      0.969767
   H         2.344609      1.752898     -0.222676

   Node 10
   Energy (abs)      : +3.120767 eV
   Energy (rel)      : +0.0666 eV

   Sym              X             Y             Z
   C        -0.261822     -1.339357      0.016331
   C        -0.882447      1.354584      0.188747
   C        -1.393847      0.487127     -0.098842
   C        -1.181928     -0.843133     -0.088823
   C         1.918913     -0.185654      0.158405
   C         1.596834      0.737158     -0.066017
   H        -2.455110      0.754627     -0.688452
   H        -2.127624     -1.512572     -0.523490
   H        -0.097140     -2.430465     -0.494359
   H        -1.098826      2.510028     -0.098808
   H         0.226586     -1.641382      1.095748
   H        -0.573551      1.539279      1.357194
   H         2.302312     -1.275272     -0.207012
   H         0.984791      0.609385     -1.154948
   H         2.791131     -0.101071      1.033131
   H         2.292155      1.721218     -0.223413

   Node 11
   Energy (abs)      : +3.111714 eV
   Energy (rel)      : +0.0575 eV

   Sym              X             Y             Z
   C        -0.235285     -1.330448      0.016814
   C        -0.834921      1.351963      0.172647
   C        -1.375421      0.489885     -0.082995
   C        -1.157992     -0.841966     -0.082291
   C         1.861276     -0.190477      0.170924
   C         1.545407      0.727193     -0.067329
   H        -2.459234      0.747466     -0.636191
   H        -2.114587     -1.503358     -0.487674
   H        -0.060991     -2.409611     -0.543274
   H        -1.061025      2.504232     -0.131752
   H         0.232406     -1.704737      1.080262
   H        -0.540032      1.568811      1.332425
   H         2.296923     -1.243092     -0.193339
   H         0.987635      0.607086     -1.181249
   H         2.693784     -0.103101      1.073185
   H         2.256563      1.702577     -0.216694

   Node 12
   Energy (abs)      : +3.109763 eV
   Energy (rel)      : +0.0556 eV

   Sym              X             Y             Z
   C        -0.221310     -1.364565      0.021298
   C        -0.800082      1.367554      0.162460
   C        -1.355433      0.509446     -0.064013
   C        -1.126877     -0.842339     -0.072077
   C         1.799569     -0.183807      0.200554
   C         1.484389      0.721707     -0.113224
   H        -2.478209      0.740169     -0.540345
   H        -2.113328     -1.501381     -0.421493
   H         0.006203     -2.364080     -0.636063
   H        -0.993201      2.507828     -0.205768
   H         0.244939     -1.825433      1.058530
   H        -0.468201      1.637926      1.309495
   H         2.312367     -1.213539     -0.193425
   H         0.992097      0.618054     -1.261129
   H         2.546839     -0.117753      1.176298
   H         2.203293      1.702448     -0.204637

   Node 13
   Energy (abs)      : +3.086079 eV
   Energy (rel)      : +0.0319 eV

   Sym              X             Y             Z
   C        -0.183892     -1.361567      0.014380
   C        -0.745683      1.368724      0.136877
   C        -1.326706      0.514287     -0.041737
   C        -1.094884     -0.844267     -0.054559
   C         1.714519     -0.189026      0.210610
   C         1.411164      0.715417     -0.119590
   H        -2.476167      0.735658     -0.452139
   H        -2.096466     -1.496687     -0.364722
   H         0.054537     -2.318586     -0.704810
   H        -0.948108      2.496496     -0.263719
   H         0.256270     -1.913463      1.014830
   H        -0.415674      1.690922      1.269645
   H         2.312715     -1.171136     -0.179954
   H         0.995849      0.616949     -1.294347
   H         2.397175     -0.129396      1.232362
   H         2.160054      1.679456     -0.189017

   Node 14
   Energy (abs)      : +3.054565 eV
   Energy (rel)      : +0.0004 eV

   Sym              X             Y             Z
   C        -0.144651     -1.355847      0.007472
   C        -0.691518      1.359006      0.112155
   C        -1.291277      0.517628     -0.010028
   C        -1.054541     -0.849169     -0.031282
   C         1.619548     -0.198413      0.212271
   C         1.333439      0.716308     -0.125296
   H        -2.463848      0.728653     -0.345546
   H        -2.072928     -1.495092     -0.300024
   H         0.098355     -2.261625     -0.771202
   H        -0.910173      2.476652     -0.310266
   H         0.271666     -1.996379      0.958702
   H        -0.361751      1.741709      1.231234
   H         2.310954     -1.126685     -0.172021
   H         0.993938      0.621682     -1.326748
   H         2.241574     -0.148610      1.275239
   H         2.115844      1.652789     -0.168719

   Node 15
   Energy (abs)      : +3.054202 eV
   Energy (rel)      : +0.0000 eV

   Sym              X             Y             Z
   C        -0.091651     -1.360877      0.011540
   C        -0.602943      1.363292      0.073330
   C        -1.280459      0.485199      0.007079
   C        -1.040748     -0.837608     -0.017766
   C         1.534872     -0.199792      0.214001
   C         1.256044      0.709708     -0.147267
   H        -2.471468      0.749770     -0.280923
   H        -2.055226     -1.507926     -0.268815
   H         0.168836     -2.209503     -0.841857
   H        -0.869677      2.480723     -0.370119
   H         0.294713     -2.095506      0.929501
   H        -0.301739      1.776939      1.205427
   H         2.310876     -1.076438     -0.131599
   H         0.996752      0.622136     -1.372057
   H         2.056636     -0.165717      1.325692
   H         2.062444      1.628791     -0.158512

   Node 16
   Energy (abs)      : +3.129160 eV
   Energy (rel)      : +0.0750 eV

   Sym              X             Y             Z
   C        -0.033398     -1.364392      0.021682
   C        -0.513153      1.387675      0.045088
   C        -1.288177      0.444371      0.009731
   C        -1.053894     -0.815204      0.008342
   C         1.441383     -0.216205      0.220377
   C         1.163624      0.724676     -0.166619
   H        -2.453216      0.758151     -0.196683
   H        -2.050997     -1.522568     -0.228233
   H         0.212065     -2.136152     -0.863394
   H        -0.802862      2.446396     -0.424787
   H         0.285212     -2.156516      0.883513
   H        -0.276279      1.816133      1.156672
   H         2.304608     -1.022108     -0.081184
   H         1.006475      0.623925     -1.395201
   H         1.881451     -0.174273      1.376130
   H         2.029426      1.616573     -0.153626

   Node 17
   Energy (abs)      : +3.590021 eV
   Energy (rel)      : +0.5358 eV

   Sym              X             Y             Z
   C         0.040110     -1.420276     -0.015963
   C        -0.420298      1.400314      0.047022
   C        -1.327539      0.362855      0.045710
   C        -1.101275     -0.780199     -0.008886
   C         1.394146     -0.301982      0.267611
   C         1.100681      0.757974     -0.230109
   H        -2.479206      0.787001     -0.113596
   H        -2.054809     -1.546531     -0.178691
   H         0.302208     -2.145832     -0.960091
   H        -0.758726      2.412994     -0.498266
   H         0.322171     -2.271677      0.853468
   H        -0.244073      1.856667      1.154794
   H         2.334215     -1.036982     -0.089413
   H         0.960682      0.590904     -1.469059
   H         1.758452     -0.190896      1.442976
   H         1.974067      1.600474     -0.150188

   Node 18
   Energy (abs)      : +4.026681 eV
   Energy (rel)      : +0.9725 eV

   Sym              X             Y             Z
   C         0.133903     -1.456059     -0.008842
   C        -0.298823      1.429505      0.052025
   C        -1.346214      0.389411      0.006035
   C        -1.126722     -0.828135      0.049545
   C         1.358061     -0.381622      0.320448
   C         1.094060      0.803176     -0.293823
   H        -2.468800      0.853343     -0.009174
   H        -2.076682     -1.594000     -0.090379
   H         0.410777     -2.026604     -1.026326
   H        -0.638599      2.364291     -0.610942
   H         0.298942     -2.324656      0.786517
   H        -0.162246      1.931472      1.144721
   H         2.375244     -0.956934      0.017303
   H         1.020312      0.625381     -1.466576
   H         1.532988     -0.214459      1.505297
   H         1.987039      1.617572     -0.117488

   Node 19 — Product
   Energy (abs)      : +5.754913 eV
   Energy (rel)      : +2.7007 eV

   Sym              X             Y             Z
   C         0.258603     -1.481578     -0.054156
   C        -0.287461      1.459471      0.101650
   C        -1.373356      0.414720      0.051356
   C        -1.129062     -0.892570     -0.035095
   C         1.314656     -0.461931      0.380076
   C         1.073582      0.885399     -0.299654
   H        -2.403642      0.767193      0.086505
   H        -1.963658     -1.590669     -0.090338
   H         0.483343     -1.852163     -1.065527
   H        -0.553674      2.299545     -0.553031
   H         0.292484     -2.363533      0.598716
   H        -0.232271      1.880556      1.116994
   H         2.319139     -0.839525      0.155500
   H         1.101811      0.748434     -1.389418
   H         1.260251     -0.328891      1.469300
   H         1.871074      1.594655     -0.048633

 ======================================================================
                        TRANSITION STATE GUESS
 ======================================================================

   Node 1 (r[0]) is identified as the TS guess
   based on being the highest-energy node along the optimized string.

   Energy (absolute) : +6.189448 eV
   Energy (relative) : +3.1352 eV  (above string minimum)

   Sym              X             Y             Z
   C        -0.616734     -1.522943      0.405340
   C        -1.503453      1.396619      0.551290
   C        -1.760885      0.527729     -0.427234
   C        -1.552531     -0.929363     -0.337191
   C         2.841159     -0.318284      0.009372
   C         2.186082      0.798418     -0.286425
   H        -2.166553      0.897657     -1.368945
   H        -2.214962     -1.545682     -0.944647
   H        -0.530938     -2.605415      0.443404
   H        -1.656476      2.464239      0.420436
   H         0.096111     -0.947440      0.992433
   H        -1.141043      1.065431      1.522136
   H         2.371499     -1.295017     -0.084528
   H         1.154099      0.784012     -0.630692
   H         3.871394     -0.306654      0.357751
   H         2.655052      1.775804     -0.198255

 ======================================================================
                               CITATION
 ======================================================================

 If you use ML-FSM in your research, please cite:
   Marks, Jonah, and Joseph Gomes. "Incorporation of Internal Coordinates
   Interpolation into the Freezing String Method." Journal of Chemical
   Theory and Computation 21.23 (2025): 12110-12120.

 Additionally, please consider citing:
   Marks, Jonah, Jonathon Vandezande, and Joseph Gomes.
   "Reliable and Efficient Automated Transition-State Searches with
   Machine-Learned Interatomic Potentials."
   arXiv preprint arXiv:2604.00405 (2026).

 ======================================================================
